[web.archive.org/web/20220113053809/https_/krnl.ca/index.html]
[backblue.gif]
[fade.gif]
[index.html]
[web-static.archive.org/_static/js/bundle-playback2c8b.js]
[web-static.archive.org/_static/js/wombat9b8c.js]
[web-static.archive.org/_static/css/banner-styles3ae1.css]
[web-static.archive.org/_static/js/ruffle/ruffle.js]
[web.archive.org/web/20220113235233cs_/https_/krnl.ca/css/css-style.css]
[web.archive.org/web/20220113235232cs_/https_/krnl.ca/css/mainpage.css]
[web.archive.org/web/20220113235232cs_/https_/krnl.ca/css/Team-Boxed.css]
[web.archive.org/web/20220113235233im_/https_/cdn.discordapp.com/attachments/756373435726168104/769299914332962886/krnlmain.png]
[web.archive.org/web/20220113053809/https_/krnl.ca/index.html]
[web-static.archive.org/_static/css/banner-styles3ae1.css]
[web-static.archive.org/_static/css/iconochive29a7.css]
[web.archive.org/web/20220113235233js_/https_/krnl.ca/cdn-cgi/scripts/5c5dd728/cloudflare-static/email-decode.min.js]
[web.archive.org/web/20230302103847im_/https_/krnl.place/.nexus/pipe/index8446.html]
[web.archive.org/web/20230302103942im_/https_/krnl.place/.nexus/pipe7514.html]
[web.archive.org/web/20220113235233cs_/https_/krnl.ca/css/css-style.css]
[web.archive.org/web/20220113235232cs_/https_/krnl.ca/css/mainpage.css]
[web.archive.org/web/20220113235232cs_/https_/krnl.ca/css/Team-Boxed.css]
[web.archive.org/web/20230302103847im_/https_/krnl.place/.nexus/pipe/index8446.html]
[web.archive.org/web/20230302103942im_/https_/krnl.place/.nexus/pipe7514.html]
[web.archive.org/web/20230302104147im_/https_/krnl.place/.nexus/pipe3e95.html]
[web.archive.org/web/20230302104147im_/https_/krnl.place/.nexus/pipe3e95.html]
